[mortezakarimi.github.io/gentelella-rtl/public/index.html]
[backblue.gif]
[fade.gif]
[index.html]
[mortezakarimi.github.io/gentelella-rtl/vendors/bootstrap/dist/css/bootstrap.min.css]
[mortezakarimi.github.io/gentelella-rtl/vendors/bootstrap-rtl/dist/css/bootstrap-rtl.min.css]
[mortezakarimi.github.io/gentelella-rtl/vendors/font-awesome/css/font-awesome.min.css]
[mortezakarimi.github.io/gentelella-rtl/vendors/nprogress/nprogress.css]
[mortezakarimi.github.io/gentelella-rtl/vendors/iCheck/skins/flat/green.css]
[mortezakarimi.github.io/gentelella-rtl/vendors/bootstrap-progressbar/css/bootstrap-progressbar-3.3.4.min.css]
[mortezakarimi.github.io/gentelella-rtl/vendors/jqvmap/dist/jqvmap.min.css]
[mortezakarimi.github.io/gentelella-rtl/vendors/bootstrap-daterangepicker/daterangepicker.css]
[mortezakarimi.github.io/gentelella-rtl/build/css/custom.min.css]
[mortezakarimi.github.io/gentelella-rtl/build/images/img.jpg]
[mortezakarimi.github.io/gentelella-rtl/public/index2.html]
[mortezakarimi.github.io/gentelella-rtl/public/index3.html]
[mortezakarimi.github.io/gentelella-rtl/public/form.html]
[mortezakarimi.github.io/gentelella-rtl/public/form_advanced.html]
[mortezakarimi.github.io/gentelella-rtl/public/form_validation.html]
[mortezakarimi.github.io/gentelella-rtl/public/form_wizards.html]
[mortezakarimi.github.io/gentelella-rtl/public/form_upload.html]
[mortezakarimi.github.io/gentelella-rtl/public/form_buttons.html]
[mortezakarimi.github.io/gentelella-rtl/public/general_elements.html]
[mortezakarimi.github.io/gentelella-rtl/public/media_gallery.html]
[mortezakarimi.github.io/gentelella-rtl/public/typography.html]
[mortezakarimi.github.io/gentelella-rtl/public/icons.html]
[mortezakarimi.github.io/gentelella-rtl/public/glyphicons.html]
[mortezakarimi.github.io/gentelella-rtl/public/widgets.html]
[mortezakarimi.github.io/gentelella-rtl/public/invoice.html]
[mortezakarimi.github.io/gentelella-rtl/public/inbox.html]
[mortezakarimi.github.io/gentelella-rtl/public/calendar.html]
[mortezakarimi.github.io/gentelella-rtl/public/tables.html]
[mortezakarimi.github.io/gentelella-rtl/public/tables_dynamic.html]
[mortezakarimi.github.io/gentelella-rtl/public/chartjs.html]
[mortezakarimi.github.io/gentelella-rtl/public/chartjs2.html]
[mortezakarimi.github.io/gentelella-rtl/public/morisjs.html]
[mortezakarimi.github.io/gentelella-rtl/public/echarts.html]
[mortezakarimi.github.io/gentelella-rtl/public/other_charts.html]
[mortezakarimi.github.io/gentelella-rtl/public/fixed_sidebar.html]
[mortezakarimi.github.io/gentelella-rtl/public/fixed_footer.html]
[mortezakarimi.github.io/gentelella-rtl/public/e_commerce.html]
[mortezakarimi.github.io/gentelella-rtl/public/projects.html]
[mortezakarimi.github.io/gentelella-rtl/public/project_detail.html]
[mortezakarimi.github.io/gentelella-rtl/public/contacts.html]
[mortezakarimi.github.io/gentelella-rtl/public/profile.html]
[mortezakarimi.github.io/gentelella-rtl/public/page_403.html]
[mortezakarimi.github.io/gentelella-rtl/public/page_404.html]
[mortezakarimi.github.io/gentelella-rtl/public/page_500.html]
[mortezakarimi.github.io/gentelella-rtl/public/plain_page.html]
[mortezakarimi.github.io/gentelella-rtl/public/login.html]
[mortezakarimi.github.io/gentelella-rtl/public/pricing_tables.html]
[mortezakarimi.github.io/gentelella-rtl/public/level2.html]
[mortezakarimi.github.io/gentelella-rtl/vendors/jquery/dist/jquery.min.js]
[mortezakarimi.github.io/gentelella-rtl/vendors/bootstrap/dist/js/bootstrap.min.js]
[mortezakarimi.github.io/gentelella-rtl/vendors/fastclick/lib/fastclick.js]
[mortezakarimi.github.io/gentelella-rtl/vendors/nprogress/nprogress.js]
[mortezakarimi.github.io/gentelella-rtl/vendors/Chart.js/dist/Chart.min.js]
[mortezakarimi.github.io/gentelella-rtl/vendors/gauge.js/dist/gauge.min.js]
[mortezakarimi.github.io/gentelella-rtl/vendors/bootstrap-progressbar/bootstrap-progressbar.min.js]
[mortezakarimi.github.io/gentelella-rtl/vendors/iCheck/icheck.min.js]
[mortezakarimi.github.io/gentelella-rtl/vendors/skycons/skycons.js]
[mortezakarimi.github.io/gentelella-rtl/vendors/Flot/jquery.flot.js]
[mortezakarimi.github.io/gentelella-rtl/vendors/Flot/jquery.flot.pie.js]
[mortezakarimi.github.io/gentelella-rtl/vendors/Flot/jquery.flot.time.js]
[mortezakarimi.github.io/gentelella-rtl/vendors/Flot/jquery.flot.stack.js]
[mortezakarimi.github.io/gentelella-rtl/vendors/Flot/jquery.flot.resize.js]
[mortezakarimi.github.io/gentelella-rtl/vendors/flot.orderbars/js/jquery.flot.orderBars.js]
[mortezakarimi.github.io/gentelella-rtl/vendors/flot-spline/js/jquery.flot.spline.min.js]
[mortezakarimi.github.io/gentelella-rtl/vendors/flot.curvedlines/curvedLines.js]
[mortezakarimi.github.io/gentelella-rtl/vendors/DateJS/build/date.js]
[mortezakarimi.github.io/gentelella-rtl/vendors/jqvmap/dist/jquery.vmap.js]
[mortezakarimi.github.io/gentelella-rtl/vendors/jqvmap/dist/maps/jquery.vmap.world.js]
[mortezakarimi.github.io/gentelella-rtl/vendors/jqvmap/examples/js/jquery.vmap.sampledata.js]
[mortezakarimi.github.io/gentelella-rtl/vendors/moment/min/moment.min.js]
[mortezakarimi.github.io/gentelella-rtl/vendors/bootstrap-daterangepicker/daterangepicker.js]
[mortezakarimi.github.io/gentelella-rtl/build/js/custom.min.js]
[mortezakarimi.github.io/gentelella-rtl/public/index.html]
[mortezakarimi.github.io/gentelella-rtl/vendors/bootstrap/dist/css/bootstrap.min.css]
[mortezakarimi.github.io/gentelella-rtl/vendors/bootstrap-rtl/dist/css/bootstrap-rtl.min.css]
[mortezakarimi.github.io/gentelella-rtl/vendors/font-awesome/css/font-awesome.min.css]
[mortezakarimi.github.io/gentelella-rtl/vendors/nprogress/nprogress.css]
[mortezakarimi.github.io/gentelella-rtl/vendors/iCheck/skins/flat/green.png]
[mortezakarimi.github.io/gentelella-rtl/vendors/iCheck/skins/flat/green@2x.png]
[mortezakarimi.github.io/gentelella-rtl/vendors/iCheck/skins/flat/green.css]
[mortezakarimi.github.io/gentelella-rtl/vendors/bootstrap-progressbar/css/bootstrap-progressbar-3.3.4.min.css]
[mortezakarimi.github.io/gentelella-rtl/vendors/jqvmap/dist/jqvmap.min.css]
[mortezakarimi.github.io/gentelella-rtl/vendors/bootstrap-daterangepicker/daterangepicker.css]
[cssdeck.com/uploads/media/items/8/8bcLQqF.png]
[mortezakarimi.github.io/gentelella-rtl/build/css/custom.min.css]
[mortezakarimi.github.io/gentelella-rtl/public/index2.html]
[mortezakarimi.github.io/gentelella-rtl/vendors/jquery-sparkline/dist/jquery.sparkline.min.js]
[mortezakarimi.github.io/gentelella-rtl/vendors/raphael/raphael.min.js]
[mortezakarimi.github.io/gentelella-rtl/public/index3.html]
[mortezakarimi.github.io/gentelella-rtl/vendors/morris.js/morris.min.js]
[mortezakarimi.github.io/gentelella-rtl/vendors/google-code-prettify/bin/prettify.min.css]
[mortezakarimi.github.io/gentelella-rtl/vendors/select2/dist/css/select2.min.css]
[mortezakarimi.github.io/gentelella-rtl/vendors/switchery/dist/switchery.min.css]
[mortezakarimi.github.io/gentelella-rtl/vendors/starrr/dist/starrr.css]
[mortezakarimi.github.io/gentelella-rtl/vendors/bootstrap-wysiwyg/js/bootstrap-wysiwyg.min.js]
[mortezakarimi.github.io/gentelella-rtl/vendors/jquery.hotkeys/jquery.hotkeys.js]
[mortezakarimi.github.io/gentelella-rtl/vendors/google-code-prettify/src/prettify.js]
[mortezakarimi.github.io/gentelella-rtl/vendors/jquery.tagsinput/src/jquery.tagsinput.js]
[mortezakarimi.github.io/gentelella-rtl/vendors/switchery/dist/switchery.min.js]
[mortezakarimi.github.io/gentelella-rtl/vendors/select2/dist/js/select2.full.min.js]
[mortezakarimi.github.io/gentelella-rtl/vendors/parsleyjs/dist/parsley.min.js]
[mortezakarimi.github.io/gentelella-rtl/vendors/parsleyjs/dist/i18n/fa.js]
[mortezakarimi.github.io/gentelella-rtl/vendors/autosize/dist/autosize.min.js]
[mortezakarimi.github.io/gentelella-rtl/vendors/devbridge-autocomplete/dist/jquery.autocomplete.min.js]
[mortezakarimi.github.io/gentelella-rtl/vendors/starrr/dist/starrr.js]
[mortezakarimi.github.io/gentelella-rtl/public/form.html]
[mortezakarimi.github.io/gentelella-rtl/vendors/normalize-css/normalize.css]
[mortezakarimi.github.io/gentelella-rtl/vendors/ion.rangeSlider/css/ion.rangeSlider.css]
[mortezakarimi.github.io/gentelella-rtl/vendors/ion.rangeSlider/css/ion.rangeSlider.skinFlat.css]
[mortezakarimi.github.io/gentelella-rtl/vendors/mjolnic-bootstrap-colorpicker/dist/css/bootstrap-colorpicker.min.css]
[mortezakarimi.github.io/gentelella-rtl/vendors/cropper/dist/cropper.min.css]
[mortezakarimi.github.io/gentelella-rtl/build/images/cropper.jpg]
[mortezakarimi.github.io/gentelella-rtl/public/cropped.png]
[mortezakarimi.github.io/gentelella-rtl/vendors/ion.rangeSlider/js/ion.rangeSlider.min.js]
[mortezakarimi.github.io/gentelella-rtl/vendors/mjolnic-bootstrap-colorpicker/dist/js/bootstrap-colorpicker.min.js]
[mortezakarimi.github.io/gentelella-rtl/vendors/jquery.inputmask/dist/min/jquery.inputmask.bundle.min.js]
[mortezakarimi.github.io/gentelella-rtl/vendors/jquery-knob/dist/jquery.knob.min.js]
[mortezakarimi.github.io/gentelella-rtl/vendors/cropper/dist/cropper.min.js]
[mortezakarimi.github.io/gentelella-rtl/public/form_advanced.html]
[mortezakarimi.github.io/gentelella-rtl/public/images/img.jpg]
[mortezakarimi.github.io/gentelella-rtl/vendors/validator/validator.js]
[mortezakarimi.github.io/gentelella-rtl/public/form_validation.html]
[mortezakarimi.github.io/gentelella-rtl/public/form_wizards.html]
[mortezakarimi.github.io/gentelella-rtl/vendors/jQuery-Smart-Wizard/js/jquery.smartWizard.js]
[mortezakarimi.github.io/gentelella-rtl/vendors/dropzone/dist/min/dropzone.min.css]
[mortezakarimi.github.io/gentelella-rtl/public/form_upload.html]
[mortezakarimi.github.io/gentelella-rtl/public/form_buttons.html]
[mortezakarimi.github.io/gentelella-rtl/vendors/dropzone/dist/min/dropzone.min.js]
[mortezakarimi.github.io/gentelella-rtl/vendors/pnotify/dist/pnotify.css]
[mortezakarimi.github.io/gentelella-rtl/vendors/pnotify/dist/pnotify.buttons.css]
[mortezakarimi.github.io/gentelella-rtl/vendors/pnotify/dist/pnotify.nonblock.css]
[mortezakarimi.github.io/gentelella-rtl/vendors/pnotify/dist/pnotify.js]
[mortezakarimi.github.io/gentelella-rtl/vendors/pnotify/dist/pnotify.buttons.js]
[mortezakarimi.github.io/gentelella-rtl/vendors/pnotify/dist/pnotify.nonblock.js]
[mortezakarimi.github.io/gentelella-rtl/public/general_elements.html]
[mortezakarimi.github.io/gentelella-rtl/public/images/media.jpg]
[mortezakarimi.github.io/gentelella-rtl/public/media_gallery.html]
[mortezakarimi.github.io/gentelella-rtl/public/typography.html]
[mortezakarimi.github.io/gentelella-rtl/public/icons.html]
[mortezakarimi.github.io/gentelella-rtl/public/glyphicons.html]
[mortezakarimi.github.io/gentelella-rtl/public/images/user.png]
[mortezakarimi.github.io/gentelella-rtl/vendors/jquery.easy-pie-chart/dist/jquery.easypiechart.min.js]
[mortezakarimi.github.io/gentelella-rtl/public/widgets.html]
[mortezakarimi.github.io/gentelella-rtl/public/images/visa.png]
[mortezakarimi.github.io/gentelella-rtl/public/images/mastercard.png]
[mortezakarimi.github.io/gentelella-rtl/public/images/american-express.png]
[mortezakarimi.github.io/gentelella-rtl/public/images/paypal.png]
[mortezakarimi.github.io/gentelella-rtl/public/invoice.html]
[mortezakarimi.github.io/gentelella-rtl/public/images/inbox.png]
[mortezakarimi.github.io/gentelella-rtl/public/inbox.html]
[mortezakarimi.github.io/gentelella-rtl/vendors/fullcalendar/dist/fullcalendar.min.css]
[mortezakarimi.github.io/gentelella-rtl/vendors/fullcalendar/dist/fullcalendar.print.css]
[mortezakarimi.github.io/gentelella-rtl/public/calendar.html]
[mortezakarimi.github.io/gentelella-rtl/public/tables.html]
[mortezakarimi.github.io/gentelella-rtl/vendors/fullcalendar/dist/fullcalendar.min.js]
[mortezakarimi.github.io/gentelella-rtl/vendors/datatables.net-bs/css/dataTables.bootstrap.min.css]
[mortezakarimi.github.io/gentelella-rtl/vendors/datatables.net-buttons-bs/css/buttons.bootstrap.min.css]
[mortezakarimi.github.io/gentelella-rtl/vendors/datatables.net-fixedheader-bs/css/fixedHeader.bootstrap.min.css]
[mortezakarimi.github.io/gentelella-rtl/vendors/datatables.net-responsive-bs/css/responsive.bootstrap.min.css]
[mortezakarimi.github.io/gentelella-rtl/vendors/datatables.net-scroller-bs/css/scroller.bootstrap.min.css]
[mortezakarimi.github.io/gentelella-rtl/vendors/datatables.net/js/jquery.dataTables.min.js]
[mortezakarimi.github.io/gentelella-rtl/vendors/datatables.net-bs/js/dataTables.bootstrap.min.js]
[mortezakarimi.github.io/gentelella-rtl/vendors/datatables.net-buttons/js/dataTables.buttons.min.js]
[mortezakarimi.github.io/gentelella-rtl/vendors/datatables.net-buttons-bs/js/buttons.bootstrap.min.js]
[mortezakarimi.github.io/gentelella-rtl/vendors/datatables.net-buttons/js/buttons.flash.min.js]
[mortezakarimi.github.io/gentelella-rtl/vendors/datatables.net-buttons/js/buttons.html5.min.js]
[mortezakarimi.github.io/gentelella-rtl/vendors/datatables.net-buttons/js/buttons.print.min.js]
[mortezakarimi.github.io/gentelella-rtl/vendors/datatables.net-fixedheader/js/dataTables.fixedHeader.min.js]
[mortezakarimi.github.io/gentelella-rtl/vendors/datatables.net-keytable/js/dataTables.keyTable.min.js]
[mortezakarimi.github.io/gentelella-rtl/vendors/datatables.net-responsive/js/dataTables.responsive.min.js]
[mortezakarimi.github.io/gentelella-rtl/vendors/datatables.net-responsive-bs/js/responsive.bootstrap.js]
[mortezakarimi.github.io/gentelella-rtl/vendors/datatables.net-scroller/js/datatables.scroller.min.js]
[mortezakarimi.github.io/gentelella-rtl/vendors/jszip/dist/jszip.min.js]
[mortezakarimi.github.io/gentelella-rtl/vendors/pdfmake/build/pdfmake.min.js]
[mortezakarimi.github.io/gentelella-rtl/public/tables_dynamic.html]
[mortezakarimi.github.io/gentelella-rtl/public/chartjs.html]
[mortezakarimi.github.io/gentelella-rtl/public/chartjs2.html]
[mortezakarimi.github.io/gentelella-rtl/public/morisjs.html]
[mortezakarimi.github.io/gentelella-rtl/vendors/pdfmake/build/vfs_fonts.js]
[mortezakarimi.github.io/gentelella-rtl/vendors/echarts/dist/echarts.min.js]
[mortezakarimi.github.io/gentelella-rtl/public/echarts.html]
[mortezakarimi.github.io/gentelella-rtl/vendors/echarts/map/js/world.js]
[mortezakarimi.github.io/gentelella-rtl/vendors/jqvmap/dist/maps/jquery.vmap.usa.js]
[mortezakarimi.github.io/gentelella-rtl/public/other_charts.html]
[mortezakarimi.github.io/gentelella-rtl/vendors/malihu-custom-scrollbar-plugin/jquery.mCustomScrollbar.min.css]
[mortezakarimi.github.io/gentelella-rtl/vendors/malihu-custom-scrollbar-plugin/jquery.mCustomScrollbar.concat.min.js]
[mortezakarimi.github.io/gentelella-rtl/public/fixed_sidebar.html]
[mortezakarimi.github.io/gentelella-rtl/public/fixed_footer.html]
[mortezakarimi.github.io/gentelella-rtl/public/images/prod-1.jpg]
[mortezakarimi.github.io/gentelella-rtl/public/images/prod-2.jpg]
[mortezakarimi.github.io/gentelella-rtl/public/images/prod-3.jpg]
[mortezakarimi.github.io/gentelella-rtl/public/images/prod-4.jpg]
[mortezakarimi.github.io/gentelella-rtl/public/images/prod-5.jpg]
[mortezakarimi.github.io/gentelella-rtl/public/e_commerce.html]
[mortezakarimi.github.io/gentelella-rtl/public/projects.html]
[mortezakarimi.github.io/gentelella-rtl/public/project_detail.html]
[mortezakarimi.github.io/gentelella-rtl/public/contacts.html]
[mortezakarimi.github.io/gentelella-rtl/public/images/picture.jpg]
[mortezakarimi.github.io/gentelella-rtl/public/profile.html]
[mortezakarimi.github.io/gentelella-rtl/public/page_403.html]
[mortezakarimi.github.io/gentelella-rtl/public/page_404.html]
[mortezakarimi.github.io/gentelella-rtl/public/page_500.html]
[mortezakarimi.github.io/gentelella-rtl/public/plain_page.html]
[mortezakarimi.github.io/gentelella-rtl/vendors/animate.css/animate.min.css]
[mortezakarimi.github.io/gentelella-rtl/public/login.html]
[mortezakarimi.github.io/gentelella-rtl/public/pricing_tables.html]
[mortezakarimi.github.io/gentelella-rtl/public/level2.html]
[mortezakarimi.github.io/gentelella-rtl/vendors/google-code-prettify/bin/prettify.min.css]
[mortezakarimi.github.io/gentelella-rtl/vendors/select2/dist/css/select2.min.css]
[mortezakarimi.github.io/gentelella-rtl/vendors/switchery/dist/switchery.min.css]
[mortezakarimi.github.io/gentelella-rtl/vendors/starrr/dist/starrr.css]
[mortezakarimi.github.io/gentelella-rtl/vendors/normalize-css/normalize.css]
[mortezakarimi.github.io/gentelella-rtl/vendors/ion.rangeSlider/css/ion.rangeSlider.css]
[mortezakarimi.github.io/gentelella-rtl/build/css/custom.css]
[mortezakarimi.github.io/gentelella-rtl/vendors/ion.rangeSlider/img/sprite-skin-flat.png]
[mortezakarimi.github.io/gentelella-rtl/vendors/ion.rangeSlider/css/ion.rangeSlider.skinFlat.css]
[mortezakarimi.github.io/gentelella-rtl/vendors/mjolnic-bootstrap-colorpicker/dist/img/bootstrap-colorpicker/saturation.png]
[mortezakarimi.github.io/gentelella-rtl/vendors/mjolnic-bootstrap-colorpicker/dist/img/bootstrap-colorpicker/hue.png]
[mortezakarimi.github.io/gentelella-rtl/vendors/mjolnic-bootstrap-colorpicker/dist/img/bootstrap-colorpicker/alpha.png]
[mortezakarimi.github.io/gentelella-rtl/vendors/mjolnic-bootstrap-colorpicker/dist/img/bootstrap-colorpicker/hue-horizontal.png]
[mortezakarimi.github.io/gentelella-rtl/vendors/mjolnic-bootstrap-colorpicker/dist/img/bootstrap-colorpicker/alpha-horizontal.png]
[mortezakarimi.github.io/gentelella-rtl/vendors/mjolnic-bootstrap-colorpicker/dist/css/bootstrap-colorpicker.min.css]
[mortezakarimi.github.io/gentelella-rtl/vendors/cropper/dist/cropper.min.css]
[mortezakarimi.github.io/gentelella-rtl/public/cropped.html]
[mortezakarimi.github.io/gentelella-rtl/public/images/img.html]
[mortezakarimi.github.io/gentelella-rtl/vendors/dropzone/dist/min/dropzone.min.css]
[mortezakarimi.github.io/gentelella-rtl/vendors/pnotify/dist/pnotify.css]
[mortezakarimi.github.io/gentelella-rtl/vendors/pnotify/dist/pnotify.buttons.css]
[mortezakarimi.github.io/gentelella-rtl/vendors/pnotify/dist/pnotify.nonblock.css]
[mortezakarimi.github.io/gentelella-rtl/public/images/media.html]
[mortezakarimi.github.io/gentelella-rtl/public/images/user.html]
[mortezakarimi.github.io/gentelella-rtl/public/images/visa.html]
[mortezakarimi.github.io/gentelella-rtl/public/images/mastercard.html]
[mortezakarimi.github.io/gentelella-rtl/public/images/american-express.html]
[mortezakarimi.github.io/gentelella-rtl/public/images/paypal.html]
[mortezakarimi.github.io/gentelella-rtl/public/images/inbox.html]
[mortezakarimi.github.io/gentelella-rtl/vendors/fullcalendar/dist/fullcalendar.min.css]
[mortezakarimi.github.io/gentelella-rtl/vendors/fullcalendar/dist/fullcalendar.print.css]
[mortezakarimi.github.io/gentelella-rtl/vendors/datatables.net-bs/css/dataTables.bootstrap.min.css]
[mortezakarimi.github.io/gentelella-rtl/vendors/datatables.net-buttons-bs/css/buttons.bootstrap.min.css]
[mortezakarimi.github.io/gentelella-rtl/vendors/datatables.net-fixedheader-bs/css/fixedHeader.bootstrap.min.css]
[mortezakarimi.github.io/gentelella-rtl/vendors/datatables.net-responsive-bs/css/responsive.bootstrap.min.css]
[mortezakarimi.github.io/gentelella-rtl/vendors/datatables.net-scroller-bs/css/scroller.bootstrap.min.css]
[mortezakarimi.github.io/gentelella-rtl/vendors/datatables.net-scroller/js/datatables.scroller.min.html]
[mortezakarimi.github.io/gentelella-rtl/vendors/malihu-custom-scrollbar-plugin/mCSB_buttons.png]
[mortezakarimi.github.io/gentelella-rtl/vendors/malihu-custom-scrollbar-plugin/jquery.mCustomScrollbar.min.css]
[mortezakarimi.github.io/gentelella-rtl/public/images/prod-1.html]
[mortezakarimi.github.io/gentelella-rtl/public/images/prod-2.html]
[mortezakarimi.github.io/gentelella-rtl/public/images/prod-3.html]
[mortezakarimi.github.io/gentelella-rtl/public/images/prod-4.html]
[mortezakarimi.github.io/gentelella-rtl/public/images/prod-5.html]
[mortezakarimi.github.io/gentelella-rtl/public/images/picture.html]
[mortezakarimi.github.io/gentelella-rtl/vendors/animate.css/animate.min.css]
[mortezakarimi.github.io/gentelella-rtl/build/css/custom.css]
